br\com\corpia\model\DadosCurriculo.class
br\com\corpia\service\DocumentoService.class
br\com\corpia\util\PdfExtractor.class
br\com\corpia\controller\ConhecimentoController.class
br\com\corpia\service\ChatbotService.class
br\com\corpia\dto\ChatbotRequest.class
br\com\corpia\controller\CurriculoController.class
br\com\corpia\model\Curriculo.class
br\com\corpia\service\RagIndexService.class
br\com\corpia\repository\DocumentoRepository.class
br\com\corpia\service\ConhecimentoService.class
br\com\corpia\service\CompetenciaService.class
br\com\corpia\util\CurriculoParser.class
br\com\corpia\repository\RagIndexController.class
br\com\corpia\service\CurriculoService.class
br\com\corpia\util\DocExtractor.class
br\com\corpia\model\Documento.class
br\com\corpia\CorpiaApiApplication.class
br\com\corpia\controller\CompetenciaController.class
br\com\corpia\repository\CurriculoRepository.class
br\com\corpia\service\ChunkingService.class
br\com\corpia\controller\DocumentoController.class
br\com\corpia\controller\ChatbotController.class
br\com\corpia\util\ConhecimentoExtractor.class
