C:\Users\dluca\OneDrive\Área de Trabalho\CorpIA\backend\corpia-api\src\main\java\br\com\corpia\config\VectorStoreConfig.java
C:\Users\dluca\OneDrive\Área de Trabalho\CorpIA\backend\corpia-api\src\main\java\br\com\corpia\controller\ChatbotController.java
C:\Users\dluca\OneDrive\Área de Trabalho\CorpIA\backend\corpia-api\src\main\java\br\com\corpia\controller\CompetenciaController.java
C:\Users\dluca\OneDrive\Área de Trabalho\CorpIA\backend\corpia-api\src\main\java\br\com\corpia\controller\ConhecimentoController.java
C:\Users\dluca\OneDrive\Área de Trabalho\CorpIA\backend\corpia-api\src\main\java\br\com\corpia\controller\CurriculoController.java
C:\Users\dluca\OneDrive\Área de Trabalho\CorpIA\backend\corpia-api\src\main\java\br\com\corpia\controller\DocumentoController.java
C:\Users\dluca\OneDrive\Área de Trabalho\CorpIA\backend\corpia-api\src\main\java\br\com\corpia\CorpiaApiApplication.java
C:\Users\dluca\OneDrive\Área de Trabalho\CorpIA\backend\corpia-api\src\main\java\br\com\corpia\dto\ChatbotRequest.java
C:\Users\dluca\OneDrive\Área de Trabalho\CorpIA\backend\corpia-api\src\main\java\br\com\corpia\model\Curriculo.java
C:\Users\dluca\OneDrive\Área de Trabalho\CorpIA\backend\corpia-api\src\main\java\br\com\corpia\model\DadosCurriculo.java
C:\Users\dluca\OneDrive\Área de Trabalho\CorpIA\backend\corpia-api\src\main\java\br\com\corpia\model\Documento.java
C:\Users\dluca\OneDrive\Área de Trabalho\CorpIA\backend\corpia-api\src\main\java\br\com\corpia\repository\CurriculoRepository.java
C:\Users\dluca\OneDrive\Área de Trabalho\CorpIA\backend\corpia-api\src\main\java\br\com\corpia\repository\DocumentoRepository.java
C:\Users\dluca\OneDrive\Área de Trabalho\CorpIA\backend\corpia-api\src\main\java\br\com\corpia\repository\RagIndexController.java
C:\Users\dluca\OneDrive\Área de Trabalho\CorpIA\backend\corpia-api\src\main\java\br\com\corpia\service\ChatbotService.java
C:\Users\dluca\OneDrive\Área de Trabalho\CorpIA\backend\corpia-api\src\main\java\br\com\corpia\service\ChunkingService.java
C:\Users\dluca\OneDrive\Área de Trabalho\CorpIA\backend\corpia-api\src\main\java\br\com\corpia\service\CompetenciaService.java
C:\Users\dluca\OneDrive\Área de Trabalho\CorpIA\backend\corpia-api\src\main\java\br\com\corpia\service\ConhecimentoService.java
C:\Users\dluca\OneDrive\Área de Trabalho\CorpIA\backend\corpia-api\src\main\java\br\com\corpia\service\CurriculoService.java
C:\Users\dluca\OneDrive\Área de Trabalho\CorpIA\backend\corpia-api\src\main\java\br\com\corpia\service\DocumentoService.java
C:\Users\dluca\OneDrive\Área de Trabalho\CorpIA\backend\corpia-api\src\main\java\br\com\corpia\service\RagIndexService.java
C:\Users\dluca\OneDrive\Área de Trabalho\CorpIA\backend\corpia-api\src\main\java\br\com\corpia\service\RAGService.java
C:\Users\dluca\OneDrive\Área de Trabalho\CorpIA\backend\corpia-api\src\main\java\br\com\corpia\util\ConhecimentoExtractor.java
C:\Users\dluca\OneDrive\Área de Trabalho\CorpIA\backend\corpia-api\src\main\java\br\com\corpia\util\CurriculoParser.java
C:\Users\dluca\OneDrive\Área de Trabalho\CorpIA\backend\corpia-api\src\main\java\br\com\corpia\util\DocExtractor.java
C:\Users\dluca\OneDrive\Área de Trabalho\CorpIA\backend\corpia-api\src\main\java\br\com\corpia\util\PdfExtractor.java
